Fetching https://github.com/Raster-Lab/SwiftJ2K.git
[1/785] Fetching swiftj2k
Fetched https://github.com/Raster-Lab/SwiftJ2K.git (1.96s)
Creating working copy for https://github.com/Raster-Lab/SwiftJ2K.git
Working copy of https://github.com/Raster-Lab/SwiftJ2K.git resolved at 4957daf8caab470a09aae393c8703b4fd93842c3
Building for debugging...
[Planning deferred tasks]
[23 / 38]
[24 / 39] SwiftJ2K
[30 / 81]
[36 / 81]
[40 / 81]
[43 / 81]
[47 / 81]
[50 / 81]
[54 / 81]
[55 / 81]
[57 / 81]
[58 / 81]
[61 / 81] SwiftJ2K
[69 / 81] SwiftJ2K
[71 / 81] SwiftJ2K-product
[73 / 81] MigrationExample-product
[77 / 82] MigrationExample-product
[80 / 84] MigrationExample-product
[82 / 84] MigrationExample-product
Build complete! (6.46 secs)
Storage migration example passed; keep predecessor codec routing.
