{
  "devicesAndConfigurations" : [
    {
      "device" : {
        "architecture" : "arm64",
        "deviceId" : "6B165585-232B-4CC5-AA24-D7134C486D80",
        "deviceName" : "Apple TV 4K (tvOS 27)",
        "modelName" : "Apple TV 4K (3rd generation)",
        "osBuildNumber" : "24J360",
        "osVersion" : "27.0",
        "platform" : "tvOS Simulator"
      },
      "expectedFailures" : 0,
      "failedTests" : 0,
      "passedTests" : 47,
      "skippedTests" : 0,
      "testPlanConfiguration" : {
        "configurationId" : "1",
        "configurationName" : "Test Scheme Action"
      }
    }
  ],
  "environmentDescription" : "SwiftJ2K-Package · Built with macOS 27.0",
  "expectedFailures" : 0,
  "failedTests" : 0,
  "finishTime" : 1789816768.278,
  "passedTests" : 45,
  "result" : "Passed",
  "runtimeWarnings" : [

  ],
  "skippedTests" : 0,
  "startTime" : 1789816764.802,
  "statistics" : [
    {
      "subtitle" : "4 test runs",
      "title" : "2 tests ran with dynamic parameters"
    }
  ],
  "testFailures" : [

  ],
  "title" : "Test - SwiftJ2K-Package",
  "topInsights" : [

  ],
  "totalTestCount" : 45
}
