Building for debugging...
[Planning deferred tasks]
[33 / 52]
[36 / 52] SwiftJ2K
[41 / 108]
[45 / 108]
[49 / 108]
[51 / 108]
[54 / 108]
[57 / 108]
[61 / 108]
[65 / 108]
[66 / 108]
[68 / 108]
[71 / 108]
[73 / 108]
[75 / 108]
[78 / 108]
[79 / 108]
[80 / 108]
[81 / 108]
[84 / 108] SwiftJ2K
[87 / 108] SwiftJ2K
[93 / 108] SwiftJ2K
[94 / 108] swiftj2k-product
[95 / 108] swiftj2k-product
[98 / 108] SwiftJ2K
[98 / 108]
[101 / 109]
[103 / 111] swiftj2k-product
[103 / 111] SwiftJ2K
[107 / 111] swiftj2k-product
[109 / 111] swiftj2k-product
Build complete! (14.61 secs)
