Building for debugging...
[Pre-planning 1 / 154]
[Planning deferred tasks]
[18 / 29]
[18 / 29] SwiftJ2KTests-product
[19 / 41]
[22 / 41] SwiftJ2KTests-product
[23 / 41] SwiftJ2KTests-product
[26 / 41] SwiftJ2KTests-product
[30 / 41] SwiftJ2KTests-product
[32 / 41] SwiftJ2KTests-product
[33 / 41] SwiftJ2KTests-product
[34 / 41] SwiftJ2KTests-product
[35 / 41] SwiftJ2KTests-product
[35 / 41] AllIncludingTests
[35 / 41] SwiftJ2KTests-product
[37 / 41] SwiftJ2KTests-product
Build complete! (7.22 secs)
SwiftJ2KTests.DescriptorTests/deterministicLayoutMutation()
SwiftJ2KTests.DescriptorTests/finalRowNeedsOnlyItsActualSampleBytes()
SwiftJ2KTests.DescriptorTests/paddedOddDimensionsAndPrecision()
SwiftJ2KTests.DescriptorTests/rejectsArithmeticOverflowBeforeAllocation()
SwiftJ2KTests.DescriptorTests/rejectsInvalidGeometryAndPrecision()
SwiftJ2KTests.DescriptorTests/rejectsMisalignedOffsetsAndStrides()
SwiftJ2KTests.DescriptorTests/rejectsOverlappingPlanesAndIncompleteMapping()
SwiftJ2KTests.DescriptorTests/semanticMetadataMustAgreeWithComponents()
SwiftJ2KTests.SampleAccessTests/initialisesExternalSampleBytesAtOddAddressWithoutChangingPadding()
SwiftJ2KTests.SampleAccessTests/outOfPrecisionWriteInvalidatesDestination()
SwiftJ2KTests.SampleAccessTests/readsIndependentGoldenBytesFromOddPhysicalAddress()
SwiftJ2KTests.SampleAccessTests/refusesShortProviderBeforeLoadingSample()
SwiftJ2KTests.SampleAccessTests/rejectsCoordinatesBeforeOffsetArithmetic()
SwiftJ2KTests.SampleAccessTests/writesGoldenBytesForPackedAndPadded12And16BitSamples()
SwiftJ2KTests.abandonedDestinationInvalidatesItsReservedOwner()
SwiftJ2KTests.adaptersShareWriterAuthorityAndRejectForgedLease()
SwiftJ2KTests.allocatingDecodeUsesTheSameFinalOutputPathWithOneAllocation()
SwiftJ2KTests.borrowedStorageRejectsForgedLeasesAndPublication()
SwiftJ2KTests.bothCopyPoliciesUseTheSharedPathAndReportNoCopy()
SwiftJ2KTests.cancellationDuringDecodeInvalidatesTheDestination()
SwiftJ2KTests.cancellationDuringSyntheticRowsInvalidatesDestination()
SwiftJ2KTests.cancellationInProviderFinalisationPreventsPublication(_:)
SwiftJ2KTests.cancellationInsideWriteCannotPublishPartialImage()
SwiftJ2KTests.cancellationIsCheckedBeforeAllocatingStorage()
SwiftJ2KTests.cancelledEncodeLeavesTheSourceIntactAndPublishesNothing()
SwiftJ2KTests.codecOptionsAreValidatedExplicitly()
SwiftJ2KTests.colourCodestreamsAreRejected()
SwiftJ2KTests.concurrentAdaptersReserveExactlyOneWriter()
SwiftJ2KTests.concurrentReadersOfOneCallerOwnerAgreeWhileAMutationAttemptFails()
SwiftJ2KTests.configurationsAndBackendRequestsRejectUnsupportedChoices()
SwiftJ2KTests.decodeIntoCallerStorageKeepsIdentityAndLeavesPaddingUntouched()
SwiftJ2KTests.decodeWritesOnlySampleBytesOfTheCallerAllocation(name:variant:prefix:padding:)
SwiftJ2KTests.decoderPreservesTaskCancellationError()
SwiftJ2KTests.degenerateGeometriesRoundTrip(width:height:)
SwiftJ2KTests.descriptorMutationRejectsInvalidStridesAndOffsets()
SwiftJ2KTests.encoderIgnoresRowPaddingAndReadsSharedStorageOnce()
SwiftJ2KTests.encoderOptionsRoundTrip(levels:blockWidth:blockHeight:)
SwiftJ2KTests.encoderOutputDecodesExactlyWithDefaultOptions(name:)
SwiftJ2KTests.encoderRefusesMetadataItCannotCarry()
SwiftJ2KTests.encoderRejectsSamplesOutsideDeclaredPrecision()
SwiftJ2KTests.explicitLargerMetadataLimitIsHonoured()
SwiftJ2KTests.extremeValuesSurviveEveryPrecision()
SwiftJ2KTests.failedFillInvalidatesDestination()
SwiftJ2KTests.headerOnlyInputIsMalformedNotAnImage()
SwiftJ2KTests.imageRetainsAdapterUntilLastImageReleaseExactlyOnce()
SwiftJ2KTests.incompatibleDestinationIsRejectedInPreflight()
SwiftJ2KTests.independentAllocationAndMemoryCeilingsAreEnforced()
SwiftJ2KTests.independentCodestreamsDecodeToTheGeneratedSamples(key:)
SwiftJ2KTests.independentDecodersReadSuccessorCodestreams(name:)
SwiftJ2KTests.independentPublicCallShapesReportTheirActualCoverage()
SwiftJ2KTests.integerOverflowWithExplicitLargeLimitsThrows()
SwiftJ2KTests.invalidResourceProfilesAndProgressFailPredictably()
SwiftJ2KTests.metadataAndDestinationLimitsUseCallerBudget()
SwiftJ2KTests.mqCoderRoundTripsRandomSymbolsOverAllContexts()
SwiftJ2KTests.mutationsOfStrideAndByteOrderAreCaughtByTheSharedStorageChecks()
SwiftJ2KTests.packetBitCoderStuffsAfterFF()
SwiftJ2KTests.paddedStorageCountsTowardsDecodedLimit()
SwiftJ2KTests.pixelAndDimensionLimitsRejectBeforeAllocation()
SwiftJ2KTests.progressIsMonotonicAndCompletesAfterPublication()
SwiftJ2KTests.publicOperationsRejectForeignBytesAndAdvertiseScalarLosslessCoverage()
SwiftJ2KTests.reentrantLeaseOperationsRejectWithoutDeadlocking()
SwiftJ2KTests.refusedLayoutLeavesDestinationReusableAndCancelledWorkInvalidatesIt()
SwiftJ2KTests.resourceLimitsGateAdmission()
SwiftJ2KTests.roundTripThroughCallerStorageWithDifferentStridesOnEachSide()
SwiftJ2KTests.safeSampleAccessHonoursExplicitBigEndian()
SwiftJ2KTests.safeSampleWriterRejectsOutOfRangeWithoutTruncating()
SwiftJ2KTests.safeWriterRejectsOutOfRangeInsteadOfTruncating()
SwiftJ2KTests.sameTokenCannotAuthoriseConcurrentOverlappingBorrows()
SwiftJ2KTests.sealedOwnerSupportsConcurrentReadersAndNestedRead()
SwiftJ2KTests.singleBitCorruptionNeverTrapsOrHangs()
SwiftJ2KTests.supportedSyntaxVariantsDecodeExactly(variant:)
SwiftJ2KTests.syntaxCoverageVariantsDecodeExactly(file:)
SwiftJ2KTests.syntheticExactSamplesAndPadding(precision:)
SwiftJ2KTests.tagTreeEncodesAndDecodesInclusionAndZeroBitPlanes()
SwiftJ2KTests.truncatedCodestreamsFailWithDefinedErrors()
SwiftJ2KTests.unknownMeasurementsStayUnknownAndMetadataIsBounded()
SwiftJ2KTests.validButUnsupportedCodestreamsAreRejectedBeforeDecoding(variant:expected:)
SwiftJ2KTests.waveletForwardInverseIsIdentity(width:height:)
