Building for debugging...
[Pre-planning 1 / 66]
[Planning deferred tasks]
[23 / 38] SwiftJ2K
[28 / 94]
[32 / 94]
[36 / 94]
[37 / 94]
[40 / 94]
[43 / 94]
[44 / 94]
[48 / 94]
[51 / 94]
[52 / 94]
[54 / 94]
[55 / 94]
[57 / 94]
[60 / 94]
[61 / 94]
[62 / 94]
[63 / 94]
[65 / 94]
[67 / 94]
[68 / 94]
[71 / 94] SwiftJ2K
[72 / 94] SwiftJ2K
[75 / 94] SwiftJ2K
[80 / 94] SwiftJ2K
[82 / 94] SwiftJ2K-product
[83 / 94] SwiftJ2K-product
[85 / 94] SwiftJ2K
[88 / 95]
[90 / 97] Consumer-product
[93 / 97] SwiftJ2K
[94 / 97] SwiftJ2K
[95 / 97] Consumer-product
Build complete! (15.60 secs)
Fresh independent consumer passed; 92-byte codestream round-tripped
