Building for production...
[Pre-planning 1 / 124]
[Planning deferred tasks]
[29 / 44] SwiftJ2K_SwiftJ2KTests
[31 / 44] SwiftJ2K
[37 / 90]
[40 / 90]
[42 / 90]
[45 / 90]
[47 / 90]
[48 / 90]
[50 / 90]
[52 / 90]
[53 / 90]
[56 / 90]
[58 / 90]
[60 / 90]
[61 / 90]
[62 / 90]
[63 / 90]
[67 / 90]
[68 / 90]
[69 / 90]
[70 / 90]
[72 / 90]
[74 / 90]
[75 / 90]
[76 / 90]
[77 / 90]
[78 / 90] SwiftJ2K
[85 / 91]
[86 / 91] swiftj2k-cli-product
[88 / 92] swiftj2k-cli-product
[90 / 92] swiftj2k-cli-product
[91 / 92] swiftj2k-cli-product
Build complete! (32.54 secs)
