Building for production...
[Planning deferred tasks]
[19 / 27] SwiftJ2K
[24 / 73]
[29 / 73]
[30 / 73]
[33 / 73]
[35 / 73]
[38 / 73]
[40 / 73]
[41 / 73]
[44 / 73]
[48 / 73]
[49 / 73]
[50 / 73]
[51 / 73]
[55 / 73]
[56 / 73]
[57 / 73]
[61 / 73]
[63 / 73]
[64 / 73]
[65 / 73]
[66 / 73] SwiftJ2K
Build complete! (21.79 secs)
warning: Bundle 'SwiftPM_SBOMModel' with schemas not found - skipping SBOM validation
Creating SBOMs...
- created spdx3 v3.0.1 SBOM at <scratch>/release/swift64/sboms/spdx/spdx3-3.0.1-SwiftJ2K-67273dbb5a195c1b2a1f47f311d9a1e4cd7f9203-modified-all-2026-09-22T13_39_39Z.json
SBOMs created  (0.27 secs)
