Fetching https://github.com/Raster-Lab/SwiftJ2K.git
[1/589] Fetching swiftj2k
Fetched https://github.com/Raster-Lab/SwiftJ2K.git (1.47s)
Creating working copy for https://github.com/Raster-Lab/SwiftJ2K.git
Working copy of https://github.com/Raster-Lab/SwiftJ2K.git resolved at c19ff80c94eabff959d485b6b7eb3d3d931f3bf8
Building for debugging...
[Planning deferred tasks]
[23 / 38]
[24 / 39] SwiftJ2K
[29 / 81]
[33 / 81]
[36 / 81]
[41 / 81]
[43 / 81]
[47 / 81]
[50 / 81]
[55 / 81]
[57 / 81]
[58 / 81]
[61 / 81] SwiftJ2K
[69 / 81] SwiftJ2K
[71 / 81] SwiftJ2K-product
[75 / 82]
[77 / 82] MigrationExample-product
[80 / 84] MigrationExample-product
[82 / 84] MigrationExample-product
Build complete! (6.81 secs)
Storage migration example passed; keep predecessor codec routing.
