swift-driver version: 1.127.14.1 Apple Swift version 6.2.3 (swiftlang-6.2.3.3.21 clang-1700.6.3.2)
Fetched https://github.com/Raster-Lab/SwiftJ2K.git from cache (2.22s)
Creating working copy for https://github.com/Raster-Lab/SwiftJ2K.git
Working copy of https://github.com/Raster-Lab/SwiftJ2K.git resolved at 45a36992f2daab547cc058097b648f71053e3cab
.
└── swiftj2k<https://github.com/Raster-Lab/SwiftJ2K.git@unspecified>
Build of product 'URLConsumer' complete! (12.93s)
Independent SwiftJ2K consumer passed; 106-byte lossless codestream round-tripped.
url-consumer exit 
{
  "originHash" : "6dede8b5a3cd6c2e1314b5a243c6301b14231a75f28b4e53c8fbce2f41ad26fd",
  "pins" : [
    {
      "identity" : "swiftj2k",
      "kind" : "remoteSourceControl",
      "location" : "https://github.com/Raster-Lab/SwiftJ2K.git",
      "state" : {
        "revision" : "45a36992f2daab547cc058097b648f71053e3cab"
      }
    }
  ],
  "version" : 3
}
