Building for debugging...
[Pre-planning 1 / 66]
[Planning deferred tasks]
[23 / 38]
[24 / 39] SwiftJ2K
[27 / 81]
[30 / 81]
[32 / 81]
[33 / 81]
[34 / 81]
[36 / 81]
[39 / 81]
[41 / 81]
[43 / 81]
[46 / 81]
[47 / 81]
[48 / 81]
[49 / 81]
[50 / 81]
[52 / 81]
[55 / 81]
[56 / 81]
[57 / 81]
[58 / 81]
[61 / 81] SwiftJ2K
[62 / 81] SwiftJ2K
[69 / 81] SwiftJ2K
[70 / 81] SwiftJ2K-product
[71 / 81] SwiftJ2K-product
[74 / 81] Consumer-product
[75 / 82]
[77 / 82]
[77 / 82] Consumer-product
[79 / 84] Consumer-product
[82 / 84] Consumer-product
[83 / 84] Consumer-product
Build complete! (14.69 secs)
Fresh independent consumer passed
