Building for debugging...
[Pre-planning 1 / 124]
[Planning deferred tasks]
[34 / 67]
[35 / 68] SwiftJ2K
[41 / 110]
[45 / 110]
[47 / 110]
[52 / 110]
[54 / 110]
[58 / 110]
[60 / 110]
[63 / 110]
[66 / 110]
[68 / 110]
[69 / 110]
[72 / 110] SwiftJ2K
[80 / 110] SwiftJ2K
[81 / 110] SwiftJ2K
[82 / 110] SwiftJ2K
[83 / 110]
[94 / 112] swiftj2k-product
[98 / 125]
[103 / 125] SwiftJ2KTests-product
[105 / 125] SwiftJ2KTests-product
[106 / 125] SwiftJ2KTests-product
[108 / 125] SwiftJ2KTests-product
[115 / 125] SwiftJ2KTests-product
[117 / 125] SwiftJ2KTests-product
[118 / 125]
[119 / 125] SwiftJ2KTests-product
[121 / 125] SwiftJ2KTests-product
Build complete! (9.27 secs)
SwiftJ2KTests.DescriptorTests/deterministicLayoutMutation()
SwiftJ2KTests.DescriptorTests/finalRowNeedsOnlyItsActualSampleBytes()
SwiftJ2KTests.DescriptorTests/paddedOddDimensionsAndPrecision()
SwiftJ2KTests.DescriptorTests/rejectsArithmeticOverflowBeforeAllocation()
SwiftJ2KTests.DescriptorTests/rejectsInvalidGeometryAndPrecision()
SwiftJ2KTests.DescriptorTests/rejectsMisalignedOffsetsAndStrides()
SwiftJ2KTests.DescriptorTests/rejectsOverlappingPlanesAndIncompleteMapping()
SwiftJ2KTests.DescriptorTests/semanticMetadataMustAgreeWithComponents()
SwiftJ2KTests.Swift64SampleAccessTests/initialisesExternalSampleBytesAtOddAddressWithoutChangingPadding()
SwiftJ2KTests.Swift64SampleAccessTests/outOfPrecisionWriteInvalidatesDestination()
SwiftJ2KTests.Swift64SampleAccessTests/readsIndependentGoldenBytesFromOddPhysicalAddress()
SwiftJ2KTests.Swift64SampleAccessTests/refusesShortProviderBeforeLoadingSample()
SwiftJ2KTests.Swift64SampleAccessTests/rejectsCoordinatesBeforeOffsetArithmetic()
SwiftJ2KTests.Swift64SampleAccessTests/writesGoldenBytesForPackedAndPadded12And16BitSamples()
SwiftJ2KTests.abandonedDestinationInvalidatesItsReservedOwner()
SwiftJ2KTests.adaptersShareWriterAuthorityAndRejectForgedLease()
SwiftJ2KTests.borrowedStorageRejectsForgedLeasesAndPublication()
SwiftJ2KTests.cancellationDuringSyntheticRowsInvalidatesDestination()
SwiftJ2KTests.cancellationInProviderFinalisationPreventsPublication(_:)
SwiftJ2KTests.cancellationInsideWriteCannotPublishPartialImage()
SwiftJ2KTests.cancellationIsCheckedBeforeAllocatingStorage()
SwiftJ2KTests.concurrentAdaptersReserveExactlyOneWriter()
SwiftJ2KTests.configurationsAndBackendRequestsRejectUnsupportedChoices()
SwiftJ2KTests.decoderPreservesTaskCancellationError()
SwiftJ2KTests.descriptorMutationRejectsInvalidStridesAndOffsets()
SwiftJ2KTests.explicitLargerMetadataLimitIsHonoured()
SwiftJ2KTests.failedFillInvalidatesDestination()
SwiftJ2KTests.imageRetainsAdapterUntilLastImageReleaseExactlyOnce()
SwiftJ2KTests.independentAllocationAndMemoryCeilingsAreEnforced()
SwiftJ2KTests.independentPublicCallShapesFailHonestly()
SwiftJ2KTests.integerOverflowWithExplicitLargeLimitsThrows()
SwiftJ2KTests.invalidResourceProfilesAndProgressFailPredictably()
SwiftJ2KTests.metadataAndDestinationLimitsUseCallerBudget()
SwiftJ2KTests.paddedStorageCountsTowardsDecodedLimit()
SwiftJ2KTests.pixelAndDimensionLimitsRejectBeforeAllocation()
SwiftJ2KTests.publicOperationsRejectCodecWorkAndAdvertiseEmptyCapabilities()
SwiftJ2KTests.reentrantLeaseOperationsRejectWithoutDeadlocking()
SwiftJ2KTests.safeSampleAccessHonoursExplicitBigEndian()
SwiftJ2KTests.safeSampleWriterRejectsOutOfRangeWithoutTruncating()
SwiftJ2KTests.safeWriterRejectsOutOfRangeInsteadOfTruncating()
SwiftJ2KTests.sameTokenCannotAuthoriseConcurrentOverlappingBorrows()
SwiftJ2KTests.sealedOwnerSupportsConcurrentReadersAndNestedRead()
SwiftJ2KTests.syntheticExactSamplesAndPadding(precision:)
SwiftJ2KTests.unknownMeasurementsStayUnknownAndMetadataIsBounded()
