Fetching https://github.com/Raster-Lab/SwiftJ2K.git
[1/808] Fetching swiftj2k
Fetched https://github.com/Raster-Lab/SwiftJ2K.git (1.63s)
Creating working copy for https://github.com/Raster-Lab/SwiftJ2K.git
Working copy of https://github.com/Raster-Lab/SwiftJ2K.git resolved at 9a3cc81f04ec5925dc1041132c80eaab4a9f0f8d
Building for debugging...
[Planning deferred tasks]
[23 / 38]
[24 / 39] SwiftJ2K
[31 / 81]
[36 / 81]
[41 / 81]
[43 / 81]
[47 / 81]
[50 / 81]
[55 / 81]
[56 / 81]
[57 / 81]
[58 / 81]
[61 / 81] SwiftJ2K
[69 / 81] SwiftJ2K
[71 / 81] SwiftJ2K-product
[75 / 82]
[77 / 82] Consumer-product
[80 / 84] Consumer-product
[82 / 84] Consumer-product
Build complete! (5.79 secs)
SwiftJ2K: fresh published consumer passed; sample storage works and codec operations remain unavailable.
