Building for debugging...
[Planning deferred tasks]
[23 / 38] SwiftJ2K
[29 / 94]
[33 / 94]
[36 / 94]
[41 / 94]
[43 / 94]
[44 / 94]
[48 / 94]
[53 / 94]
[55 / 94]
[57 / 94]
[60 / 94]
[61 / 94]
[62 / 94]
[63 / 94]
[66 / 94]
[67 / 94]
[68 / 94]
[75 / 94] SwiftJ2K
[78 / 94] SwiftJ2K
[83 / 94] SwiftJ2K
[88 / 95] SwiftJ2K
[88 / 95] Consumer-product
[90 / 97] Consumer-product
[92 / 97] Consumer-product
[92 / 97] SwiftJ2K
[94 / 97] SwiftJ2K
[95 / 97] Consumer-product
Build complete! (13.11 secs)
Fresh independent consumer passed; 92-byte codestream round-tripped
