Building for production...
[Planning deferred tasks]
[20 / 40] SwiftJ2K
[27 / 75]
[33 / 75]
[38 / 75]
[39 / 75]
[40 / 75]
[44 / 75]
[47 / 75]
[51 / 75]
[54 / 75]
[55 / 75]
[56 / 75] SwiftJ2K
[66 / 76] SwiftJ2KTests-product
[68 / 79]
[70 / 79] SwiftJ2KTests-product
[75 / 79] SwiftJ2KTests-product
Build complete! (6.97 secs)
􀟈  Test run started.
􀄵  Testing Library Version: 2084
􀄵  Target Platform: arm64e-apple-macos14.0
􀟈  Test imageRetainsAdapterUntilLastImageReleaseExactlyOnce() started.
􀟈  Test safeSampleWriterRejectsOutOfRangeWithoutTruncating() started.
􀟈  Suite "Descriptor validation" started.
􀟈  Test decoderPreservesTaskCancellationError() started.
􀟈  Test failedFillInvalidatesDestination() started.
􀟈  Test explicitLargerMetadataLimitIsHonoured() started.
􀟈  Test invalidResourceProfilesAndProgressFailPredictably() started.
􀟈  Test pixelAndDimensionLimitsRejectBeforeAllocation() started.
􀟈  Test integerOverflowWithExplicitLargeLimitsThrows() started.
􀟈  Test safeWriterRejectsOutOfRangeInsteadOfTruncating() started.
􀟈  Test reentrantLeaseOperationsRejectWithoutDeadlocking() started.
􀟈  Test independentPublicCallShapesFailHonestly() started.
􀟈  Test cancellationInsideWriteCannotPublishPartialImage() started.
􀟈  Test independentAllocationAndMemoryCeilingsAreEnforced() started.
􀟈  Test descriptorMutationRejectsInvalidStridesAndOffsets() started.
􀟈  Test sealedOwnerSupportsConcurrentReadersAndNestedRead() started.
􀟈  Test cancellationDuringSyntheticRowsInvalidatesDestination() started.
􀟈  Test safeSampleAccessHonoursExplicitBigEndian() started.
􀟈  Test unknownMeasurementsStayUnknownAndMetadataIsBounded() started.
􀟈  Test publicOperationsRejectCodecWorkAndAdvertiseEmptyCapabilities() started.
􀟈  Test abandonedDestinationInvalidatesItsReservedOwner() started.
􀟈  Test cancellationIsCheckedBeforeAllocatingStorage() started.
􀟈  Test adaptersShareWriterAuthorityAndRejectForgedLease() started.
􀟈  Test syntheticExactSamplesAndPadding(precision:) started.
􀟈  Test sameTokenCannotAuthoriseConcurrentOverlappingBorrows() started.
􀟈  Test metadataAndDestinationLimitsUseCallerBudget() started.
􀟈  Test configurationsAndBackendRequestsRejectUnsupportedChoices() started.
􀟈  Test paddedStorageCountsTowardsDecodedLimit() started.
􀟈  Test concurrentAdaptersReserveExactlyOneWriter() started.
􀟈  Test cancellationInProviderFinalisationPreventsPublication(_:) started.
􀟈  Test borrowedStorageRejectsForgedLeasesAndPublication() started.
􀟈  Test rejectsMisalignedOffsetsAndStrides() started.
􀟈  Test rejectsOverlappingPlanesAndIncompleteMapping() started.
􀟈  Test paddedOddDimensionsAndPrecision() started.
􀟈  Test deterministicLayoutMutation() started.
􀟈  Test finalRowNeedsOnlyItsActualSampleBytes() started.
􀟈  Test rejectsInvalidGeometryAndPrecision() started.
􀟈  Test semanticMetadataMustAgreeWithComponents() started.
􀟈  Test rejectsArithmeticOverflowBeforeAllocation() started.
􀟈  Test case passing 1 argument precision → 12 to syntheticExactSamplesAndPadding(precision:) started.
􀟈  Test case passing 1 argument precision → 16 to syntheticExactSamplesAndPadding(precision:) started.
􀟈  Test case passing 1 argument point → .sealing to cancellationInProviderFinalisationPreventsPublication(_:) started.
􀟈  Test case passing 1 argument point → .validatingSealedStorage to cancellationInProviderFinalisationPreventsPublication(_:) started.
􁁛  Test abandonedDestinationInvalidatesItsReservedOwner() passed after 0.001 seconds.
􁁛  Test imageRetainsAdapterUntilLastImageReleaseExactlyOnce() passed after 0.001 seconds.
􁁛  Test safeSampleAccessHonoursExplicitBigEndian() passed after 0.001 seconds.
􁁛  Test adaptersShareWriterAuthorityAndRejectForgedLease() passed after 0.001 seconds.
􁁛  Test reentrantLeaseOperationsRejectWithoutDeadlocking() passed after 0.001 seconds.
􁁛  Test syntheticExactSamplesAndPadding(precision:) with 2 test cases passed after 0.001 seconds.
􁁛  Test failedFillInvalidatesDestination() passed after 0.001 seconds.
􁁛  Test rejectsMisalignedOffsetsAndStrides() passed after 0.001 seconds.
􁁛  Test rejectsOverlappingPlanesAndIncompleteMapping() passed after 0.001 seconds.
􁁛  Test paddedOddDimensionsAndPrecision() passed after 0.001 seconds.
􁁛  Test unknownMeasurementsStayUnknownAndMetadataIsBounded() passed after 0.001 seconds.
􁁛  Test paddedStorageCountsTowardsDecodedLimit() passed after 0.001 seconds.
􁁛  Test integerOverflowWithExplicitLargeLimitsThrows() passed after 0.001 seconds.
􁁛  Test finalRowNeedsOnlyItsActualSampleBytes() passed after 0.001 seconds.
􁁛  Test safeWriterRejectsOutOfRangeInsteadOfTruncating() passed after 0.001 seconds.
􁁛  Test pixelAndDimensionLimitsRejectBeforeAllocation() passed after 0.001 seconds.
􁁛  Test semanticMetadataMustAgreeWithComponents() passed after 0.001 seconds.
􁁛  Test independentAllocationAndMemoryCeilingsAreEnforced() passed after 0.001 seconds.
􁁛  Test publicOperationsRejectCodecWorkAndAdvertiseEmptyCapabilities() passed after 0.001 seconds.
􁁛  Test metadataAndDestinationLimitsUseCallerBudget() passed after 0.001 seconds.
􁁛  Test cancellationIsCheckedBeforeAllocatingStorage() passed after 0.001 seconds.
􁁛  Test invalidResourceProfilesAndProgressFailPredictably() passed after 0.001 seconds.
􁁛  Test rejectsInvalidGeometryAndPrecision() passed after 0.001 seconds.
􁁛  Test sealedOwnerSupportsConcurrentReadersAndNestedRead() passed after 0.001 seconds.
􁁛  Test configurationsAndBackendRequestsRejectUnsupportedChoices() passed after 0.001 seconds.
􁁛  Test rejectsArithmeticOverflowBeforeAllocation() passed after 0.001 seconds.
􁁛  Test decoderPreservesTaskCancellationError() passed after 0.001 seconds.
􁁛  Test concurrentAdaptersReserveExactlyOneWriter() passed after 0.001 seconds.
􁁛  Test safeSampleWriterRejectsOutOfRangeWithoutTruncating() passed after 0.001 seconds.
􁁛  Test sameTokenCannotAuthoriseConcurrentOverlappingBorrows() passed after 0.001 seconds.
􁁛  Test independentPublicCallShapesFailHonestly() passed after 0.001 seconds.
􁁛  Test cancellationDuringSyntheticRowsInvalidatesDestination() passed after 0.001 seconds.
􁁛  Test explicitLargerMetadataLimitIsHonoured() passed after 0.002 seconds.
􁁛  Test cancellationInsideWriteCannotPublishPartialImage() passed after 0.001 seconds.
􁁛  Test borrowedStorageRejectsForgedLeasesAndPublication() passed after 0.001 seconds.
􁁛  Test cancellationInProviderFinalisationPreventsPublication(_:) with 2 test cases passed after 0.001 seconds.
􁁛  Test descriptorMutationRejectsInvalidStridesAndOffsets() passed after 0.002 seconds.
􁁛  Test deterministicLayoutMutation() passed after 0.001 seconds.
􁁛  Suite "Descriptor validation" passed after 0.002 seconds.
􁁛  Test run with 38 tests in 1 suite passed after 0.002 seconds.
