Building for debugging...
[0/7] Write sources
[2/7] Write Consumer-entitlement.plist
[3/7] Write swift-version-6ED5EA0491098587.txt
[5/24] Compiling SwiftJ2K Errors.swift
[6/24] Compiling SwiftJ2K Image.swift
[7/24] Compiling SwiftJ2K TagTree.swift
[8/24] Compiling SwiftJ2K Tier2.swift
[9/24] Compiling SwiftJ2K Codestream.swift
[10/24] Compiling SwiftJ2K ContextModeling.swift
[11/24] Compiling SwiftJ2K LosslessPipeline.swift
[12/24] Compiling SwiftJ2K MQCoder.swift
[13/24] Compiling SwiftJ2K Telemetry.swift
[14/25] Compiling SwiftJ2K BitIO.swift
[15/25] Compiling SwiftJ2K BitPlaneCoder.swift
[16/25] Compiling SwiftJ2K ImageDescriptor.swift
[17/25] Compiling SwiftJ2K ImageStorage.swift
[18/25] Compiling SwiftJ2K Wavelet53.swift
[19/25] Compiling SwiftJ2K CodecAPI.swift
[20/25] Emitting module SwiftJ2K
[21/25] Compiling SwiftJ2K Options.swift
[22/25] Compiling SwiftJ2K Transcoding.swift
[23/27] Compiling Consumer main.swift
[24/27] Emitting module Consumer
[24/27] Write Objects.LinkFileList
[25/27] Linking Consumer
[26/27] Applying Consumer
Build of product 'Consumer' complete! (6.08s)
Independent SwiftJ2K consumer passed; 106-byte lossless codestream round-tripped.
exit 0
