◇ Test run started.
↳ Testing Library Version: 1501
↳ Target Platform: arm64e-apple-macos14.0
◇ Test sameTokenCannotAuthoriseConcurrentOverlappingBorrows() started.
◇ Test imageRetainsAdapterUntilLastImageReleaseExactlyOnce() started.
◇ Test failedFillInvalidatesDestination() started.
◇ Test concurrentReadersOfOneCallerOwnerAgreeWhileAMutationAttemptFails() started.
◇ Test cancelledEncodeLeavesTheSourceIntactAndPublishesNothing() started.
◇ Test mutationsOfStrideAndByteOrderAreCaughtByTheSharedStorageChecks() started.
◇ Test roundTripThroughCallerStorageWithDifferentStridesOnEachSide() started.
◇ Test refusedLayoutLeavesDestinationReusableAndCancelledWorkInvalidatesIt() started.
✔ Test imageRetainsAdapterUntilLastImageReleaseExactlyOnce() passed after 0.001 seconds.
✔ Test sameTokenCannotAuthoriseConcurrentOverlappingBorrows() passed after 0.001 seconds.
✔ Test failedFillInvalidatesDestination() passed after 0.001 seconds.
✔ Test refusedLayoutLeavesDestinationReusableAndCancelledWorkInvalidatesIt() passed after 0.022 seconds.
✔ Test concurrentReadersOfOneCallerOwnerAgreeWhileAMutationAttemptFails() passed after 0.218 seconds.
✔ Test roundTripThroughCallerStorageWithDifferentStridesOnEachSide() passed after 0.358 seconds.
✔ Test mutationsOfStrideAndByteOrderAreCaughtByTheSharedStorageChecks() passed after 0.852 seconds.
✔ Test cancelledEncodeLeavesTheSourceIntactAndPublishesNothing() passed after 1.052 seconds.
✔ Test run with 8 tests in 0 suites passed after 1.052 seconds.
repetition 1 exit 0
◇ Test run started.
↳ Testing Library Version: 1501
↳ Target Platform: arm64e-apple-macos14.0
◇ Test failedFillInvalidatesDestination() started.
◇ Test roundTripThroughCallerStorageWithDifferentStridesOnEachSide() started.
◇ Test concurrentReadersOfOneCallerOwnerAgreeWhileAMutationAttemptFails() started.
◇ Test cancelledEncodeLeavesTheSourceIntactAndPublishesNothing() started.
◇ Test imageRetainsAdapterUntilLastImageReleaseExactlyOnce() started.
◇ Test refusedLayoutLeavesDestinationReusableAndCancelledWorkInvalidatesIt() started.
◇ Test mutationsOfStrideAndByteOrderAreCaughtByTheSharedStorageChecks() started.
◇ Test sameTokenCannotAuthoriseConcurrentOverlappingBorrows() started.
✔ Test imageRetainsAdapterUntilLastImageReleaseExactlyOnce() passed after 0.001 seconds.
✔ Test sameTokenCannotAuthoriseConcurrentOverlappingBorrows() passed after 0.001 seconds.
✔ Test failedFillInvalidatesDestination() passed after 0.001 seconds.
✔ Test refusedLayoutLeavesDestinationReusableAndCancelledWorkInvalidatesIt() passed after 0.030 seconds.
✔ Test concurrentReadersOfOneCallerOwnerAgreeWhileAMutationAttemptFails() passed after 0.228 seconds.
✔ Test roundTripThroughCallerStorageWithDifferentStridesOnEachSide() passed after 0.426 seconds.
✔ Test mutationsOfStrideAndByteOrderAreCaughtByTheSharedStorageChecks() passed after 0.980 seconds.
✔ Test cancelledEncodeLeavesTheSourceIntactAndPublishesNothing() passed after 1.191 seconds.
✔ Test run with 8 tests in 0 suites passed after 1.191 seconds.
repetition 2 exit 0
◇ Test run started.
↳ Testing Library Version: 1501
↳ Target Platform: arm64e-apple-macos14.0
◇ Test imageRetainsAdapterUntilLastImageReleaseExactlyOnce() started.
◇ Test roundTripThroughCallerStorageWithDifferentStridesOnEachSide() started.
◇ Test mutationsOfStrideAndByteOrderAreCaughtByTheSharedStorageChecks() started.
◇ Test concurrentReadersOfOneCallerOwnerAgreeWhileAMutationAttemptFails() started.
◇ Test sameTokenCannotAuthoriseConcurrentOverlappingBorrows() started.
◇ Test failedFillInvalidatesDestination() started.
◇ Test cancelledEncodeLeavesTheSourceIntactAndPublishesNothing() started.
◇ Test refusedLayoutLeavesDestinationReusableAndCancelledWorkInvalidatesIt() started.
✔ Test imageRetainsAdapterUntilLastImageReleaseExactlyOnce() passed after 0.001 seconds.
✔ Test failedFillInvalidatesDestination() passed after 0.001 seconds.
✔ Test sameTokenCannotAuthoriseConcurrentOverlappingBorrows() passed after 0.001 seconds.
✔ Test refusedLayoutLeavesDestinationReusableAndCancelledWorkInvalidatesIt() passed after 0.023 seconds.
✔ Test concurrentReadersOfOneCallerOwnerAgreeWhileAMutationAttemptFails() passed after 0.213 seconds.
✔ Test roundTripThroughCallerStorageWithDifferentStridesOnEachSide() passed after 0.387 seconds.
✔ Test mutationsOfStrideAndByteOrderAreCaughtByTheSharedStorageChecks() passed after 0.851 seconds.
✔ Test cancelledEncodeLeavesTheSourceIntactAndPublishesNothing() passed after 1.069 seconds.
✔ Test run with 8 tests in 0 suites passed after 1.069 seconds.
repetition 3 exit 0
◇ Test run started.
↳ Testing Library Version: 1501
↳ Target Platform: arm64e-apple-macos14.0
◇ Test refusedLayoutLeavesDestinationReusableAndCancelledWorkInvalidatesIt() started.
◇ Test cancelledEncodeLeavesTheSourceIntactAndPublishesNothing() started.
◇ Test sameTokenCannotAuthoriseConcurrentOverlappingBorrows() started.
◇ Test concurrentReadersOfOneCallerOwnerAgreeWhileAMutationAttemptFails() started.
◇ Test mutationsOfStrideAndByteOrderAreCaughtByTheSharedStorageChecks() started.
◇ Test failedFillInvalidatesDestination() started.
◇ Test imageRetainsAdapterUntilLastImageReleaseExactlyOnce() started.
◇ Test roundTripThroughCallerStorageWithDifferentStridesOnEachSide() started.
✔ Test imageRetainsAdapterUntilLastImageReleaseExactlyOnce() passed after 0.001 seconds.
✔ Test sameTokenCannotAuthoriseConcurrentOverlappingBorrows() passed after 0.001 seconds.
✔ Test failedFillInvalidatesDestination() passed after 0.001 seconds.
✔ Test refusedLayoutLeavesDestinationReusableAndCancelledWorkInvalidatesIt() passed after 0.024 seconds.
✔ Test concurrentReadersOfOneCallerOwnerAgreeWhileAMutationAttemptFails() passed after 0.242 seconds.
✔ Test roundTripThroughCallerStorageWithDifferentStridesOnEachSide() passed after 0.410 seconds.
✔ Test mutationsOfStrideAndByteOrderAreCaughtByTheSharedStorageChecks() passed after 0.961 seconds.
✔ Test cancelledEncodeLeavesTheSourceIntactAndPublishesNothing() passed after 1.167 seconds.
✔ Test run with 8 tests in 0 suites passed after 1.167 seconds.
repetition 4 exit 0
◇ Test run started.
↳ Testing Library Version: 1501
↳ Target Platform: arm64e-apple-macos14.0
◇ Test failedFillInvalidatesDestination() started.
◇ Test concurrentReadersOfOneCallerOwnerAgreeWhileAMutationAttemptFails() started.
◇ Test refusedLayoutLeavesDestinationReusableAndCancelledWorkInvalidatesIt() started.
◇ Test imageRetainsAdapterUntilLastImageReleaseExactlyOnce() started.
◇ Test sameTokenCannotAuthoriseConcurrentOverlappingBorrows() started.
◇ Test cancelledEncodeLeavesTheSourceIntactAndPublishesNothing() started.
◇ Test roundTripThroughCallerStorageWithDifferentStridesOnEachSide() started.
◇ Test mutationsOfStrideAndByteOrderAreCaughtByTheSharedStorageChecks() started.
✔ Test sameTokenCannotAuthoriseConcurrentOverlappingBorrows() passed after 0.001 seconds.
✔ Test failedFillInvalidatesDestination() passed after 0.001 seconds.
✔ Test imageRetainsAdapterUntilLastImageReleaseExactlyOnce() passed after 0.001 seconds.
✔ Test refusedLayoutLeavesDestinationReusableAndCancelledWorkInvalidatesIt() passed after 0.025 seconds.
✔ Test concurrentReadersOfOneCallerOwnerAgreeWhileAMutationAttemptFails() passed after 0.214 seconds.
✔ Test roundTripThroughCallerStorageWithDifferentStridesOnEachSide() passed after 0.407 seconds.
✔ Test mutationsOfStrideAndByteOrderAreCaughtByTheSharedStorageChecks() passed after 0.856 seconds.
✔ Test cancelledEncodeLeavesTheSourceIntactAndPublishesNothing() passed after 1.057 seconds.
✔ Test run with 8 tests in 0 suites passed after 1.057 seconds.
repetition 5 exit 0
